// Jest Snapshot v1, https://goo.gl/fbAQLP

exports[`App Component should render the App component 1`] = `
<App>
  <div
    data-test="app-loader"
  >
    Loading...
  </div>
</App>
`;
